// Jest Snapshot v1, https://goo.gl/fbAQLP

exports[`<Spinner /> renders correctly 1`] = `
<DocumentFragment>
  <span
    class="sc-bdVaJa dpPFGb"
    data-testid="Spinner"
  />
</DocumentFragment>
`;
