// Jest Snapshot v1, https://goo.gl/fbAQLP

exports[`<Backdrop /> renders correctly 1`] = `
<DocumentFragment>
  <div
    class="sc-bdVaJa dYtZKB"
    data-testid="Overlay"
  />
</DocumentFragment>
`;
