// Jest Snapshot v1, https://goo.gl/fbAQLP

exports[`<Footer /> renders correctly 1`] = `
<DocumentFragment>
  <footer
    class="sc-bdVaJa hlFCCY"
  >
    <p
      class="sc-bwzfXH fXWrnb"
    >
      - Interior & Exterior -
    </p>
  </footer>
</DocumentFragment>
`;
